// Vitest Snapshot v1, https://vitest.dev/guide/snapshot.html

exports[`atMedia > matches snapshot 1`] = `
{
  "width >= 1024rpx": "@media (width >= 1024 * 0.625rem)",
  "width >= 1280rpx": "@media (width >= 1280 * 0.625rem)",
  "width >= 1536rpx": "@media (width >= 1536 * 0.625rem)",
  "width >= 640rpx": "@media (width >= 640 * 0.625rem)",
  "width >= 768rpx": "@media (width >= 768 * 0.625rem)",
}
`;
