// Vitest Snapshot v1, https://vitest.dev/guide/snapshot.html

exports[`filter > matches snapshot 1`] = `
{
  "drop-shadow-2xl": "drop-shadow(0 25px 25px var(--drop-shadow-color, rgb(0 0 0 / 0.15)))",
  "drop-shadow-lg": "drop-shadow(0 4px 4px var(--drop-shadow-color, rgb(0 0 0 / 0.15)))",
  "drop-shadow-md": "drop-shadow(0 3px 3px var(--drop-shadow-color, rgb(0 0 0 / 0.12)))",
  "drop-shadow-sm": "drop-shadow(0 1px 2px var(--drop-shadow-color, rgb(0 0 0 / 0.15)))",
  "drop-shadow-xl": "drop-shadow(0 9px 7px var(--drop-shadow-color, rgb(0 0 0 / 0.1)))",
  "drop-shadow-xs": "drop-shadow(0 1px 1px var(--drop-shadow-color, rgb(0 0 0 / 0.05)))",
}
`;

exports[`filterVar > matches snapshot 1`] = `
{
  "--drop-shadow-color": "var(--drop-shadow-color)",
  "__varGroupHash__": "x1b8p5ye",
}
`;
