// Vitest Snapshot v1, https://vitest.dev/guide/snapshot.html

exports[`spacing > matches snapshot 1`] = `
{
  "0": "calc(0.25rem * 0)",
  "0.5": "calc(0.25rem * 0.5)",
  "1": "calc(0.25rem * 1)",
  "1.5": "calc(0.25rem * 1.5)",
  "10": "calc(0.25rem * 10)",
  "11": "calc(0.25rem * 11)",
  "12": "calc(0.25rem * 12)",
  "14": "calc(0.25rem * 14)",
  "16": "calc(0.25rem * 16)",
  "2": "calc(0.25rem * 2)",
  "2.5": "calc(0.25rem * 2.5)",
  "20": "calc(0.25rem * 20)",
  "24": "calc(0.25rem * 24)",
  "28": "calc(0.25rem * 28)",
  "3": "calc(0.25rem * 3)",
  "3.5": "calc(0.25rem * 3.5)",
  "32": "calc(0.25rem * 32)",
  "36": "calc(0.25rem * 36)",
  "4": "calc(0.25rem * 4)",
  "40": "calc(0.25rem * 40)",
  "44": "calc(0.25rem * 44)",
  "48": "calc(0.25rem * 48)",
  "5": "calc(0.25rem * 5)",
  "52": "calc(0.25rem * 52)",
  "56": "calc(0.25rem * 56)",
  "6": "calc(0.25rem * 6)",
  "60": "calc(0.25rem * 60)",
  "64": "calc(0.25rem * 64)",
  "7": "calc(0.25rem * 7)",
  "72": "calc(0.25rem * 72)",
  "8": "calc(0.25rem * 8)",
  "80": "calc(0.25rem * 80)",
  "9": "calc(0.25rem * 9)",
  "96": "calc(0.25rem * 96)",
}
`;
