// Vitest Snapshot v1, https://vitest.dev/guide/snapshot.html

exports[`textShadow > matches snapshot 1`] = `
{
  "2xs": "0px 1px 0px var(--sw-text-shadow-color, var(--xkba59u))",
  "lg": "
    0px 1px 2px var(--sw-text-shadow-color, var(--x1eaggnl)),
    0px 3px 2px var(--sw-text-shadow-color, var(--x1eaggnl)),
    0px 4px 8px var(--sw-text-shadow-color, var(--x1eaggnl))
  ",
  "md": "
    0px 1px 1px var(--sw-text-shadow-color, var(--x10949sm)),
    0px 1px 2px var(--sw-text-shadow-color, var(--x10949sm)),
    0px 2px 4px var(--sw-text-shadow-color, var(--x10949sm))
  ",
  "sm": "
    0px 1px 0px var(--sw-text-shadow-color, var(--xo11wbb)),
    0px 1px 1px var(--sw-text-shadow-color, var(--xo11wbb)),
    0px 2px 2px var(--sw-text-shadow-color, var(--xo11wbb))
  ",
  "xs": "0px 1px 1px var(--sw-text-shadow-color, var(--xqzrq3b))",
}
`;

exports[`textShadowColor > matches snapshot 1`] = `
{
  "2xs": "var(--xkba59u)",
  "__varGroupHash__": "x1i0vno0",
  "lg": "var(--x1eaggnl)",
  "md": "var(--x10949sm)",
  "sm": "var(--xo11wbb)",
  "xs": "var(--xqzrq3b)",
}
`;
