// Vitest Snapshot v1, https://vitest.dev/guide/snapshot.html

exports[`mono > matches snapshot 1`] = `
{
  "$$css": true,
  "kMv6JI": "xbmp7tz",
  "kV0H8L": "xovverp",
}
`;

exports[`sans > matches snapshot 1`] = `
{
  "$$css": true,
  "kMv6JI": "xrraitj",
  "kV0H8L": "xf0awiw",
}
`;

exports[`serif > matches snapshot 1`] = `
{
  "$$css": true,
  "kMv6JI": "x115nknn",
}
`;
