// Vitest Snapshot v1, https://vitest.dev/guide/snapshot.html

exports[`lineClamped > matches snapshot 1`] = `
{
  "$$css": true,
  "k1xSpc": "x104kibb",
  "kVQacm": "xb3r6kr",
  "kgKLqz": "x1ua5tub",
}
`;

exports[`notLineClamped > matches snapshot 1`] = `
{
  "$$css": true,
  "k1xSpc": "x1lliihq",
  "kJFfOR": "x1u5n1hv",
  "kVQacm": "x1rea2x4",
  "kgKLqz": "x1y52mlm",
}
`;
